Archive member included to satisfy reference by file (symbol)

D:/Program Setup/STM32CubeIDE_1.13.1/STM32CubeIDE/plugins/com.st.stm32cube.ide.mcu.externaltools.gnu-tools-for-stm32.11.3.rel1.win32_1.1.0.202305231506/tools/bin/../lib/gcc/arm-none-eabi/11.3.1/../../../../arm-none-eabi/lib/thumb/v7-m/nofp\libc_nano.a(libc_a-exit.o)
                              D:/Program Setup/STM32CubeIDE_1.13.1/STM32CubeIDE/plugins/com.st.stm32cube.ide.mcu.externaltools.gnu-tools-for-stm32.11.3.rel1.win32_1.1.0.202305231506/tools/bin/../lib/gcc/arm-none-eabi/11.3.1/../../../../arm-none-eabi/lib/thumb/v7-m/nofp/crt0.o (exit)
D:/Program Setup/STM32CubeIDE_1.13.1/STM32CubeIDE/plugins/com.st.stm32cube.ide.mcu.externaltools.gnu-tools-for-stm32.11.3.rel1.win32_1.1.0.202305231506/tools/bin/../lib/gcc/arm-none-eabi/11.3.1/../../../../arm-none-eabi/lib/thumb/v7-m/nofp\libc_nano.a(libc_a-findfp.o)
                              D:/Program Setup/STM32CubeIDE_1.13.1/STM32CubeIDE/plugins/com.st.stm32cube.ide.mcu.externaltools.gnu-tools-for-stm32.11.3.rel1.win32_1.1.0.202305231506/tools/bin/../lib/gcc/arm-none-eabi/11.3.1/../../../../arm-none-eabi/lib/thumb/v7-m/nofp\libc_nano.a(libc_a-exit.o) (__stdio_exit_handler)
D:/Program Setup/STM32CubeIDE_1.13.1/STM32CubeIDE/plugins/com.st.stm32cube.ide.mcu.externaltools.gnu-tools-for-stm32.11.3.rel1.win32_1.1.0.202305231506/tools/bin/../lib/gcc/arm-none-eabi/11.3.1/../../../../arm-none-eabi/lib/thumb/v7-m/nofp\libc_nano.a(libc_a-fwalk.o)
                              D:/Program Setup/STM32CubeIDE_1.13.1/STM32CubeIDE/plugins/com.st.stm32cube.ide.mcu.externaltools.gnu-tools-for-stm32.11.3.rel1.win32_1.1.0.202305231506/tools/bin/../lib/gcc/arm-none-eabi/11.3.1/../../../../arm-none-eabi/lib/thumb/v7-m/nofp\libc_nano.a(libc_a-findfp.o) (_fwalk_sglue)
D:/Program Setup/STM32CubeIDE_1.13.1/STM32CubeIDE/plugins/com.st.stm32cube.ide.mcu.externaltools.gnu-tools-for-stm32.11.3.rel1.win32_1.1.0.202305231506/tools/bin/../lib/gcc/arm-none-eabi/11.3.1/../../../../arm-none-eabi/lib/thumb/v7-m/nofp\libc_nano.a(libc_a-stdio.o)
                              D:/Program Setup/STM32CubeIDE_1.13.1/STM32CubeIDE/plugins/com.st.stm32cube.ide.mcu.externaltools.gnu-tools-for-stm32.11.3.rel1.win32_1.1.0.202305231506/tools/bin/../lib/gcc/arm-none-eabi/11.3.1/../../../../arm-none-eabi/lib/thumb/v7-m/nofp\libc_nano.a(libc_a-findfp.o) (__sread)
D:/Program Setup/STM32CubeIDE_1.13.1/STM32CubeIDE/plugins/com.st.stm32cube.ide.mcu.externaltools.gnu-tools-for-stm32.11.3.rel1.win32_1.1.0.202305231506/tools/bin/../lib/gcc/arm-none-eabi/11.3.1/../../../../arm-none-eabi/lib/thumb/v7-m/nofp\libc_nano.a(libc_a-memset.o)
                              D:/Program Setup/STM32CubeIDE_1.13.1/STM32CubeIDE/plugins/com.st.stm32cube.ide.mcu.externaltools.gnu-tools-for-stm32.11.3.rel1.win32_1.1.0.202305231506/tools/bin/../lib/gcc/arm-none-eabi/11.3.1/../../../../arm-none-eabi/lib/thumb/v7-m/nofp/crt0.o (memset)
D:/Program Setup/STM32CubeIDE_1.13.1/STM32CubeIDE/plugins/com.st.stm32cube.ide.mcu.externaltools.gnu-tools-for-stm32.11.3.rel1.win32_1.1.0.202305231506/tools/bin/../lib/gcc/arm-none-eabi/11.3.1/../../../../arm-none-eabi/lib/thumb/v7-m/nofp\libc_nano.a(libc_a-closer.o)
                              D:/Program Setup/STM32CubeIDE_1.13.1/STM32CubeIDE/plugins/com.st.stm32cube.ide.mcu.externaltools.gnu-tools-for-stm32.11.3.rel1.win32_1.1.0.202305231506/tools/bin/../lib/gcc/arm-none-eabi/11.3.1/../../../../arm-none-eabi/lib/thumb/v7-m/nofp\libc_nano.a(libc_a-stdio.o) (_close_r)
D:/Program Setup/STM32CubeIDE_1.13.1/STM32CubeIDE/plugins/com.st.stm32cube.ide.mcu.externaltools.gnu-tools-for-stm32.11.3.rel1.win32_1.1.0.202305231506/tools/bin/../lib/gcc/arm-none-eabi/11.3.1/../../../../arm-none-eabi/lib/thumb/v7-m/nofp\libc_nano.a(libc_a-reent.o)
                              D:/Program Setup/STM32CubeIDE_1.13.1/STM32CubeIDE/plugins/com.st.stm32cube.ide.mcu.externaltools.gnu-tools-for-stm32.11.3.rel1.win32_1.1.0.202305231506/tools/bin/../lib/gcc/arm-none-eabi/11.3.1/../../../../arm-none-eabi/lib/thumb/v7-m/nofp\libc_nano.a(libc_a-closer.o) (errno)
D:/Program Setup/STM32CubeIDE_1.13.1/STM32CubeIDE/plugins/com.st.stm32cube.ide.mcu.externaltools.gnu-tools-for-stm32.11.3.rel1.win32_1.1.0.202305231506/tools/bin/../lib/gcc/arm-none-eabi/11.3.1/../../../../arm-none-eabi/lib/thumb/v7-m/nofp\libc_nano.a(libc_a-impure.o)
                              D:/Program Setup/STM32CubeIDE_1.13.1/STM32CubeIDE/plugins/com.st.stm32cube.ide.mcu.externaltools.gnu-tools-for-stm32.11.3.rel1.win32_1.1.0.202305231506/tools/bin/../lib/gcc/arm-none-eabi/11.3.1/../../../../arm-none-eabi/lib/thumb/v7-m/nofp\libc_nano.a(libc_a-reent.o) (_impure_ptr)
D:/Program Setup/STM32CubeIDE_1.13.1/STM32CubeIDE/plugins/com.st.stm32cube.ide.mcu.externaltools.gnu-tools-for-stm32.11.3.rel1.win32_1.1.0.202305231506/tools/bin/../lib/gcc/arm-none-eabi/11.3.1/../../../../arm-none-eabi/lib/thumb/v7-m/nofp\libc_nano.a(libc_a-lseekr.o)
[...]
Memory Configuration

Name             Origin             Length             Attributes
RAM              0x0000000020000000 0x0000000000005000 xrw
FLASH            0x0000000008000000 0x0000000000010000 xr
*default*        0x0000000000000000 0xffffffffffffffff

Linker script and memory map

LOAD D:/Program Setup/STM32CubeIDE_1.13.1/STM32CubeIDE/plugins/com.st.stm32cube.ide.mcu.externaltools.gnu-tools-for-stm32.11.3.rel1.win32_1.1.0.202305231506/tools/bin/../lib/gcc/arm-none-eabi/11.3.1/thumb/v7-m/nofp/crti.o
LOAD D:/Program Setup/STM32CubeIDE_1.13.1/STM32CubeIDE/plugins/com.st.stm32cube.ide.mcu.externaltools.gnu-tools-for-stm32.11.3.rel1.win32_1.1.0.202305231506/tools/bin/../lib/gcc/arm-none-eabi/11.3.1/thumb/v7-m/nofp/crtbegin.o
LOAD D:/Program Setup/STM32CubeIDE_1.13.1/STM32CubeIDE/plugins/com.st.stm32cube.ide.mcu.externaltools.gnu-tools-for-stm32.11.3.rel1.win32_1.1.0.202305231506/tools/bin/../lib/gcc/arm-none-eabi/11.3.1/../../../../arm-none-eabi/lib/thumb/v7-m/nofp/crt0.o
LOAD ./Drivers/00 LIB/Common_function.o
LOAD ./Drivers/01 MCAL/00 RCC/RCC_program.o
LOAD ./Drivers/01 MCAL/01 GPIO/DIO_program.o
LOAD ./Drivers/01 MCAL/02 NVIC/NVIC_program.o
LOAD ./Drivers/01 MCAL/06 USART/USART_program.o
LOAD ./Drivers/02 ECU/Buttom/Buttom_program.o
LOAD ./Drivers/02 ECU/GPS/GPS_Program.o
LOAD ./Drivers/02 ECU/GSM/GSM_Program.o
LOAD ./Drivers/02 ECU/IR/IR_program.o
LOAD ./Src/main.o
LOAD ./Src/syscalls.o
LOAD ./Src/sysmem.o
LOAD ./Startup/startup_stm32f103c8tx.o
START GROUP
LOAD D:/Program Setup/STM32CubeIDE_1.13.1/STM32CubeIDE/plugins/com.st.stm32cube.ide.mcu.externaltools.gnu-tools-for-stm32.11.3.rel1.win32_1.1.0.202305231506/tools/bin/../lib/gcc/arm-none-eabi/11.3.1/../../../../arm-none-eabi/lib/thumb/v7-m/nofp\libc_nano.a
LOAD D:/Program Setup/STM32CubeIDE_1.13.1/STM32CubeIDE/plugins/com.st.stm32cube.ide.mcu.externaltools.gnu-tools-for-stm32.11.3.rel1.win32_1.1.0.202305231506/tools/bin/../lib/gcc/arm-none-eabi/11.3.1/../../../../arm-none-eabi/lib/thumb/v7-m/nofp\libm.a
END GROUP
START GROUP
LOAD D:/Program Setup/STM32CubeIDE_1.13.1/STM32CubeIDE/plugins/com.st.stm32cube.ide.mcu.externaltools.gnu-tools-for-stm32.11.3.rel1.win32_1.1.0.202305231506/tools/bin/../lib/gcc/arm-none-eabi/11.3.1/thumb/v7-m/nofp\libgcc.a
LOAD D:/Program Setup/STM32CubeIDE_1.13.1/STM32CubeIDE/plugins/com.st.stm32cube.ide.mcu.externaltools.gnu-tools-for-stm32.11.3.rel1.win32_1.1.0.202305231506/tools/bin/../lib/gcc/arm-none-eabi/11.3.1/../../../../arm-none-eabi/lib/thumb/v7-m/nofp\libc_nano.a
END GROUP
START GROUP
LOAD D:/Program Setup/STM32CubeIDE_1.13.1/STM32CubeIDE/plugins/com.st.stm32cube.ide.mcu.externaltools.gnu-tools-for-stm32.11.3.rel1.win32_1.1.0.202305231506/tools/bin/../lib/gcc/arm-none-eabi/11.3.1/thumb/v7-m/nofp\libgcc.a
LOAD D:/Program Setup/STM32CubeIDE_1.13.1/STM32CubeIDE/plugins/com.st.stm32cube.ide.mcu.externaltools.gnu-tools-for-stm32.11.3.rel1.win32_1.1.0.202305231506/tools/bin/../lib/gcc/arm-none-eabi/11.3.1/../../../../arm-none-eabi/lib/thumb/v7-m/nofp\libc_nano.a
LOAD D:/Program Setup/STM32CubeIDE_1.13.1/STM32CubeIDE/plugins/com.st.stm32cube.ide.mcu.externaltools.gnu-tools-for-stm32.11.3.rel1.win32_1.1.0.202305231506/tools/bin/../lib/gcc/arm-none-eabi/11.3.1/../../../../arm-none-eabi/lib/thumb/v7-m/nofp\libnosys.a
END GROUP
START GROUP
LOAD D:/Program Setup/STM32CubeIDE_1.13.1/STM32CubeIDE/plugins/com.st.stm32cube.ide.mcu.externaltools.gnu-tools-for-stm32.11.3.rel1.win32_1.1.0.202305231506/tools/bin/../lib/gcc/arm-none-eabi/11.3.1/thumb/v7-m/nofp\libgcc.a
LOAD D:/Program Setup/STM32CubeIDE_1.13.1/STM32CubeIDE/plugins/com.st.stm32cube.ide.mcu.externaltools.gnu-tools-for-stm32.11.3.rel1.win32_1.1.0.202305231506/tools/bin/../lib/gcc/arm-none-eabi/11.3.1/../../../../arm-none-eabi/lib/thumb/v7-m/nofp\libc_nano.a
LOAD D:/Program Setup/STM32CubeIDE_1.13.1/STM32CubeIDE/plugins/com.st.stm32cube.ide.mcu.externaltools.gnu-tools-for-stm32.11.3.rel1.win32_1.1.0.202305231506/tools/bin/../lib/gcc/arm-none-eabi/11.3.1/../../../../arm-none-eabi/lib/thumb/v7-m/nofp\libnosys.a
END GROUP
LOAD D:/Program Setup/STM32CubeIDE_1.13.1/STM32CubeIDE/plugins/com.st.stm32cube.ide.mcu.externaltools.gnu-tools-for-stm32.11.3.rel1.win32_1.1.0.202305231506/tools/bin/../lib/gcc/arm-none-eabi/11.3.1/thumb/v7-m/nofp/crtend.o
LOAD D:/Program Setup/STM32CubeIDE_1.13.1/STM32CubeIDE/plugins/com.st.stm32cube.ide.mcu.externaltools.gnu-tools-for-stm32.11.3.rel1.win32_1.1.0.202305231506/tools/bin/../lib/gcc/arm-none-eabi/11.3.1/thumb/v7-m/nofp/crtn.o
                0x0000000020005000                _estack = (ORIGIN (RAM) + LENGTH (RAM))
                0x0000000000000200                _Min_Heap_Size = 0x200
                0x0000000000000400                _Min_Stack_Size = 0x400

.isr_vector     0x0000000008000000      0x130
                0x0000000008000000                . = ALIGN (0x4)
 *(.isr_vector)
 .isr_vector    0x0000000008000000      0x130 ./Startup/startup_stm32f103c8tx.o
                0x0000000008000000                g_pfnVectors
                0x0000000008000130                . = ALIGN (0x4)

.text           0x0000000008000130      0xebc
                0x0000000008000130                . = ALIGN (0x4)
 *(.text)
 .text          0x0000000008000130       0x40 D:/Program Setup/STM32CubeIDE_1.13.1/STM32CubeIDE/plugins/com.st.stm32cube.ide.mcu.externaltools.gnu-tools-for-stm32.11.3.rel1.win32_1.1.0.202305231506/tools/bin/../lib/gcc/arm-none-eabi/11.3.1/thumb/v7-m/nofp/crtbegin.o
 *(.text*)
 .text._delay_ms
                0x0000000008000170       0x32 ./Drivers/00 LIB/Common_function.o
                0x0000000008000170                _delay_ms
 *fill*         0x00000000080001a2        0x2 
 .text.RCC_IntalizeHSI
                0x00000000080001a4       0x70 ./Drivers/01 MCAL/00 RCC/RCC_program.o
                0x00000000080001a4                RCC_IntalizeHSI
 .text.RCC_voidSysClkInt
                0x0000000008000214       0x1c ./Drivers/01 MCAL/00 RCC/RCC_program.o
                0x0000000008000214                RCC_voidSysClkInt
 .text.RCC_voidEnablePerClk
                0x0000000008000230       0x84 ./Drivers/01 MCAL/00 RCC/RCC_program.o
                0x0000000008000230                RCC_voidEnablePerClk
 .text.RCC_voidSetAHBprescaler
                0x00000000080002b4       0x20 ./Drivers/01 MCAL/00 RCC/RCC_program.o
                0x00000000080002b4                RCC_voidSetAHBprescaler
 .text.RCC_voidSetAPB1prescaler
                0x00000000080002d4       0x20 ./Drivers/01 MCAL/00 RCC/RCC_program.o
                0x00000000080002d4                RCC_voidSetAPB1prescaler
 .text.RCC_voidSetAPB2prescaler
                0x00000000080002f4       0x20 ./Drivers/01 MCAL/00 RCC/RCC_program.o
                0x00000000080002f4                RCC_voidSetAPB2prescaler
 .text.RCC_voidSetADCprescaler
                0x0000000008000314       0x2c ./Drivers/01 MCAL/00 RCC/RCC_program.o
                0x0000000008000314                RCC_voidSetADCprescaler
 .text.DIO_voidSetPinDirection
                0x0000000008000340      0x1a0 ./Drivers/01 MCAL/01 GPIO/DIO_program.o
                0x0000000008000340                DIO_voidSetPinDirection
 .text.DIO_voidSetPinValue
                0x00000000080004e0       0xbc ./Drivers/01 MCAL/01 GPIO/DIO_program.o
                0x00000000080004e0                DIO_voidSetPinValue
 .text.NVIC_voidInit
                0x000000000800059c       0x1c ./Drivers/01 MCAL/02 NVIC/NVIC_program.o
                0x000000000800059c                NVIC_voidInit
 .text.NVIC_voidEnablePerInt
                0x00000000080005b8       0x44 ./Drivers/01 MCAL/02 NVIC/NVIC_program.o
                0x00000000080005b8                NVIC_voidEnablePerInt
 .text.NVIC_voidSetSwIntPriority
                0x00000000080005fc       0x32 ./Drivers/01 MCAL/02 NVIC/NVIC_program.o
                0x00000000080005fc                NVIC_voidSetSwIntPriority
 *fill*         0x000000000800062e        0x2 
 .text.UART1_init
                0x0000000008000630       0x44 ./Drivers/01 MCAL/06 USART/USART_program.o
                0x0000000008000630                UART1_init
 .text.UART1_enableTX
                0x0000000008000674       0x1c ./Drivers/01 MCAL/06 USART/USART_program.o
                0x0000000008000674                UART1_enableTX
 .text.UART1_enableRX
                0x0000000008000690       0x1c ./Drivers/01 MCAL/06 USART/USART_program.o
                0x0000000008000690                UART1_enableRX
 .text.UART1_TXdata
                0x00000000080006ac       0x3c ./Drivers/01 MCAL/06 USART/USART_program.o
                0x00000000080006ac                UART1_TXdata
 .text.UART1_RXdata
                0x00000000080006e8       0x34 ./Drivers/01 MCAL/06 USART/USART_program.o
                0x00000000080006e8                UART1_RXdata
 .text.UART1_voidSendString
                0x000000000800071c       0x38 ./Drivers/01 MCAL/06 USART/USART_program.o
                0x000000000800071c                UART1_voidSendString
 .text.UART2_init
                0x0000000008000754       0x50 ./Drivers/01 MCAL/06 USART/USART_program.o
                0x0000000008000754                UART2_init
 .text.UART2_enableTX
                0x00000000080007a4       0x1c ./Drivers/01 MCAL/06 USART/USART_program.o
                0x00000000080007a4                UART2_enableTX
 .text.UART2_enableRX
                0x00000000080007c0       0x1c ./Drivers/01 MCAL/06 USART/USART_program.o
                0x00000000080007c0                UART2_enableRX
 .text.UART2_RXdata
                0x00000000080007dc       0x34 ./Drivers/01 MCAL/06 USART/USART_program.o
                0x00000000080007dc                UART2_RXdata
 .text.UART2_RX_CALLBACK
                0x0000000008000810       0x1c ./Drivers/01 MCAL/06 USART/USART_program.o
                0x0000000008000810                UART2_RX_CALLBACK
 .text.USART2_IRQHandler
                0x000000000800082c       0x14 ./Drivers/01 MCAL/06 USART/USART_program.o
                0x000000000800082c                USART2_IRQHandler
 .text.Buttom_voidInit
                0x0000000008000840       0x30 ./Drivers/02 ECU/Buttom/Buttom_program.o
                0x0000000008000840                Buttom_voidInit
 .text.GPS_Init
                0x0000000008000870       0x50 ./Drivers/02 ECU/GPS/GPS_Program.o
                0x0000000008000870                GPS_Init
 .text.GPS_Decode_Buffer_st
                0x00000000080008c0      0x148 ./Drivers/02 ECU/GPS/GPS_Program.o
                0x00000000080008c0                GPS_Decode_Buffer_st
 .text.GPS_Frame_Concat
                0x0000000008000a08       0xa4 ./Drivers/02 ECU/GPS/GPS_Program.o
                0x0000000008000a08                GPS_Frame_Concat
 .text.GPS_Recieve_Buffer
                0x0000000008000aac       0xb0 ./Drivers/02 ECU/GPS/GPS_Program.o
 .text.GSM_INIT
                0x0000000008000b5c       0x28 ./Drivers/02 ECU/GSM/GSM_Program.o
                0x0000000008000b5c                GSM_INIT
 .text.GSM_Post
                0x0000000008000b84       0x44 ./Drivers/02 ECU/GSM/GSM_Program.o
                0x0000000008000b84                GSM_Post
 .text.GSM_INIT_GPRS_MODE
                0x0000000008000bc8       0x44 ./Drivers/02 ECU/GSM/GSM_Program.o
 .text.GSM_Init_HTTP
                0x0000000008000c0c       0x48 ./Drivers/02 ECU/GSM/GSM_Program.o
 .text.GSM_AdjustData_Json
                0x0000000008000c54       0x18 ./Drivers/02 ECU/GSM/GSM_Program.o
 .text.waitforHTTPACTION
                0x0000000008000c6c       0x5c ./Drivers/02 ECU/GSM/GSM_Program.o
 .text.waitforok
                0x0000000008000cc8       0x2c ./Drivers/02 ECU/GSM/GSM_Program.o
 .text.waitforDOWNLOAD
                0x0000000008000cf4       0x44 ./Drivers/02 ECU/GSM/GSM_Program.o
 .text.PlainToJSON
                0x0000000008000d38       0xce ./Drivers/02 ECU/GSM/GSM_Program.o
 *fill*         0x0000000008000e06        0x2 
 .text.SMS_INIT
                0x0000000008000e08       0x28 ./Drivers/02 ECU/GSM/GSM_Program.o
 .text.IR_voidInit
                0x0000000008000e30       0x30 ./Drivers/02 ECU/IR/IR_program.o
                0x0000000008000e30                IR_voidInit
 .text.main     0x0000000008000e60       0xd8 ./Src/main.o
                0x0000000008000e60                main
 .text.Reset_Handler
                0x0000000008000f38       0x50 ./Startup/startup_stm32f103c8tx.o
                0x0000000008000f38                Reset_Handler
 .text.Default_Handler
                0x0000000008000f88        0x2 ./Startup/startup_stm32f103c8tx.o
                0x0000000008000f88                EXTI2_IRQHandler
                0x0000000008000f88                TIM8_TRG_COM_IRQHandler
                0x0000000008000f88                TIM8_CC_IRQHandler
                0x0000000008000f88                DebugMon_Handler
                0x0000000008000f88                TIM1_CC_IRQHandler
                0x0000000008000f88                HardFault_Handler
                0x0000000008000f88                TIM6_IRQHandler
                0x0000000008000f88                SysTick_Handler
                0x0000000008000f88                PVD_IRQHandler
                0x0000000008000f88                SDIO_IRQHandler
                0x0000000008000f88                PendSV_Handler
                0x0000000008000f88                NMI_Handler
                0x0000000008000f88                EXTI3_IRQHandler
                0x0000000008000f88                USB_HP_CAN_TX_IRQHandler
                0x0000000008000f88                EXTI0_IRQHandler
                0x0000000008000f88                I2C2_EV_IRQHandler
                0x0000000008000f88                UsageFault_Handler
                0x0000000008000f88                ADC1_2_IRQHandler
                0x0000000008000f88                SPI1_IRQHandler
                0x0000000008000f88                CAN_SCE_IRQHandler
                0x0000000008000f88                TAMPER_IRQHandler
                0x0000000008000f88                TIM8_UP_IRQHandler
                0x0000000008000f88                DMA2_Channel2_IRQHandler
                0x0000000008000f88                DMA1_Channel4_IRQHandler
                0x0000000008000f88                USART3_IRQHandler
                0x0000000008000f88                RTC_IRQHandler
                0x0000000008000f88                DMA1_Channel7_IRQHandler
                0x0000000008000f88                UART5_IRQHandler
                0x0000000008000f88                ADC3_IRQHandler
                0x0000000008000f88                TIM4_IRQHandler
                0x0000000008000f88                CAN_RX1_IRQHandler
                0x0000000008000f88                DMA2_Channel1_IRQHandler
                0x0000000008000f88                I2C1_EV_IRQHandler
                0x0000000008000f88                DMA1_Channel6_IRQHandler
                0x0000000008000f88                UART4_IRQHandler
                0x0000000008000f88                TIM3_IRQHandler
                0x0000000008000f88                RCC_IRQHandler
                0x0000000008000f88                TIM1_TRG_COM_IRQHandler
                0x0000000008000f88                DMA1_Channel1_IRQHandler
                0x0000000008000f88                Default_Handler
                0x0000000008000f88                EXTI15_10_IRQHandler
                0x0000000008000f88                TIM7_IRQHandler
                0x0000000008000f88                TIM5_IRQHandler
                0x0000000008000f88                EXTI9_5_IRQHandler
                0x0000000008000f88                SPI2_IRQHandler
                0x0000000008000f88                USB_LP_CAN_RX0_IRQHandler
                0x0000000008000f88                MemManage_Handler
                0x0000000008000f88                SVC_Handler
                0x0000000008000f88                DMA1_Channel5_IRQHandler
                0x0000000008000f88                EXTI4_IRQHandler
                0x0000000008000f88                DMA1_Channel3_IRQHandler
                0x0000000008000f88                FSMC_IRQHandler
                0x0000000008000f88                TIM1_UP_IRQHandler
                0x0000000008000f88                WWDG_IRQHandler
                0x0000000008000f88                TIM2_IRQHandler
                0x0000000008000f88                TIM1_BRK_IRQHandler
                0x0000000008000f88                EXTI1_IRQHandler
                0x0000000008000f88                RTCAlarm_IRQHandler
                0x0000000008000f88                DMA2_Channel4_5_IRQHandler
                0x0000000008000f88                I2C2_ER_IRQHandler
                0x0000000008000f88                DMA1_Channel2_IRQHandler
                0x0000000008000f88                TIM8_BRK_IRQHandler
                0x0000000008000f88                FLASH_IRQHandler
                0x0000000008000f88                BusFault_Handler
                0x0000000008000f88                USART1_IRQHandler
                0x0000000008000f88                SPI3_IRQHandler
                0x0000000008000f88                I2C1_ER_IRQHandler
                0x0000000008000f88                DMA2_Channel3_IRQHandler
 *fill*         0x0000000008000f8a        0x2 
 .text.__libc_init_array
                0x0000000008000f8c       0x48 D:/Program Setup/STM32CubeIDE_1.13.1/STM32CubeIDE/plugins/com.st.stm32cube.ide.mcu.externaltools.gnu-tools-for-stm32.11.3.rel1.win32_1.1.0.202305231506/tools/bin/../lib/gcc/arm-none-eabi/11.3.1/../../../../arm-none-eabi/lib/thumb/v7-m/nofp\libc_nano.a(libc_a-init.o)
                0x0000000008000f8c                __libc_init_array
 *(.glue_7)
 .glue_7        0x0000000008000fd4        0x0 linker stubs
 *(.glue_7t)
 .glue_7t       0x0000000008000fd4        0x0 linker stubs
 *(.eh_frame)
 .eh_frame      0x0000000008000fd4        0x0 D:/Program Setup/STM32CubeIDE_1.13.1/STM32CubeIDE/plugins/com.st.stm32cube.ide.mcu.externaltools.gnu-tools-for-stm32.11.3.rel1.win32_1.1.0.202305231506/tools/bin/../lib/gcc/arm-none-eabi/11.3.1/thumb/v7-m/nofp/crtbegin.o
 *(.init)
 .init          0x0000000008000fd4        0x4 D:/Program Setup/STM32CubeIDE_1.13.1/STM32CubeIDE/plugins/com.st.stm32cube.ide.mcu.externaltools.gnu-tools-for-stm32.11.3.rel1.win32_1.1.0.202305231506/tools/bin/../lib/gcc/arm-none-eabi/11.3.1/thumb/v7-m/nofp/crti.o
                0x0000000008000fd4                _init
 .init          0x0000000008000fd8        0x8 D:/Program Setup/STM32CubeIDE_1.13.1/STM32CubeIDE/plugins/com.st.stm32cube.ide.mcu.externaltools.gnu-tools-for-stm32.11.3.rel1.win32_1.1.0.202305231506/tools/bin/../lib/gcc/arm-none-eabi/11.3.1/thumb/v7-m/nofp/crtn.o
 *(.fini)
 .fini          0x0000000008000fe0        0x4 D:/Program Setup/STM32CubeIDE_1.13.1/STM32CubeIDE/plugins/com.st.stm32cube.ide.mcu.externaltools.gnu-tools-for-stm32.11.3.rel1.win32_1.1.0.202305231506/tools/bin/../lib/gcc/arm-none-eabi/11.3.1/thumb/v7-m/nofp/crti.o
                0x0000000008000fe0                _fini
 .fini          0x0000000008000fe4        0x8 D:/Program Setup/STM32CubeIDE_1.13.1/STM32CubeIDE/plugins/com.st.stm32cube.ide.mcu.externaltools.gnu-tools-for-stm32.11.3.rel1.win32_1.1.0.202305231506/tools/bin/../lib/gcc/arm-none-eabi/11.3.1/thumb/v7-m/nofp/crtn.o
                0x0000000008000fec                . = ALIGN (0x4)
                0x0000000008000fec                _etext = .

.vfp11_veneer   0x0000000008000fec        0x0
 .vfp11_veneer  0x0000000008000fec        0x0 linker stubs

.v4_bx          0x0000000008000fec        0x0
 .v4_bx         0x0000000008000fec        0x0 linker stubs

.iplt           0x0000000008000fec        0x0
 .iplt          0x0000000008000fec        0x0 D:/Program Setup/STM32CubeIDE_1.13.1/STM32CubeIDE/plugins/com.st.stm32cube.ide.mcu.externaltools.gnu-tools-for-stm32.11.3.rel1.win32_1.1.0.202305231506/tools/bin/../lib/gcc/arm-none-eabi/11.3.1/thumb/v7-m/nofp/crtbegin.o

.rodata         0x0000000008000fec      0x1a4
                0x0000000008000fec                . = ALIGN (0x4)
 *(.rodata)
 .rodata        0x0000000008000fec        0x5 ./Drivers/02 ECU/GPS/GPS_Program.o
 *fill*         0x0000000008000ff1        0x3 
 .rodata        0x0000000008000ff4      0x198 ./Drivers/02 ECU/GSM/GSM_Program.o
 .rodata        0x000000000800118c        0x4 ./Src/main.o
 *(.rodata*)
                0x0000000008001190                . = ALIGN (0x4)

.rel.dyn        0x0000000008001190        0x0
 .rel.iplt      0x0000000008001190        0x0 D:/Program Setup/STM32CubeIDE_1.13.1/STM32CubeIDE/plugins/com.st.stm32cube.ide.mcu.externaltools.gnu-tools-for-stm32.11.3.rel1.win32_1.1.0.202305231506/tools/bin/../lib/gcc/arm-none-eabi/11.3.1/thumb/v7-m/nofp/crtbegin.o

.ARM.extab      0x0000000008001190        0x0
                0x0000000008001190                . = ALIGN (0x4)
 *(.ARM.extab* .gnu.linkonce.armextab.*)
                0x0000000008001190                . = ALIGN (0x4)

.ARM            0x0000000008001190        0x0
                0x0000000008001190                . = ALIGN (0x4)
                0x0000000008001190                __exidx_start = .
 *(.ARM.exidx*)
                0x0000000008001190                __exidx_end = .
                0x0000000008001190                . = ALIGN (0x4)

.preinit_array  0x0000000008001190        0x0
                0x0000000008001190                . = ALIGN (0x4)
                0x0000000008001190                PROVIDE (__preinit_array_start = .)
 *(.preinit_array*)
                0x0000000008001190                PROVIDE (__preinit_array_end = .)
                0x0000000008001190                . = ALIGN (0x4)

.init_array     0x0000000008001190        0x4
                0x0000000008001190                . = ALIGN (0x4)
                0x0000000008001190                PROVIDE (__init_array_start = .)
 *(SORT_BY_NAME(.init_array.*))
 *(.init_array*)
 .init_array    0x0000000008001190        0x4 D:/Program Setup/STM32CubeIDE_1.13.1/STM32CubeIDE/plugins/com.st.stm32cube.ide.mcu.externaltools.gnu-tools-for-stm32.11.3.rel1.win32_1.1.0.202305231506/tools/bin/../lib/gcc/arm-none-eabi/11.3.1/thumb/v7-m/nofp/crtbegin.o
                0x0000000008001194                PROVIDE (__init_array_end = .)
                0x0000000008001194                . = ALIGN (0x4)

.fini_array     0x0000000008001194        0x4
                0x0000000008001194                . = ALIGN (0x4)
                [!provide]                        PROVIDE (__fini_array_start = .)
 *(SORT_BY_NAME(.fini_array.*))
 *(.fini_array*)
 .fini_array    0x0000000008001194        0x4 D:/Program Setup/STM32CubeIDE_1.13.1/STM32CubeIDE/plugins/com.st.stm32cube.ide.mcu.externaltools.gnu-tools-for-stm32.11.3.rel1.win32_1.1.0.202305231506/tools/bin/../lib/gcc/arm-none-eabi/11.3.1/thumb/v7-m/nofp/crtbegin.o
                [!provide]                        PROVIDE (__fini_array_end = .)
                0x0000000008001198                . = ALIGN (0x4)
                0x0000000008001198                _sidata = LOADADDR (.data)

.data           0x0000000020000000        0x0 load address 0x0000000008001198
                0x0000000020000000                . = ALIGN (0x4)
                0x0000000020000000                _sdata = .
 *(.data)
 *(.data*)
 *(.RamFunc)
 *(.RamFunc*)
                0x0000000020000000                . = ALIGN (0x4)
                0x0000000020000000                _edata = .

.igot.plt       0x0000000020000000        0x0 load address 0x0000000008001198
 .igot.plt      0x0000000020000000        0x0 D:/Program Setup/STM32CubeIDE_1.13.1/STM32CubeIDE/plugins/com.st.stm32cube.ide.mcu.externaltools.gnu-tools-for-stm32.11.3.rel1.win32_1.1.0.202305231506/tools/bin/../lib/gcc/arm-none-eabi/11.3.1/thumb/v7-m/nofp/crtbegin.o
                0x0000000020000000                . = ALIGN (0x4)

.bss            0x0000000020000000       0x74 load address 0x0000000008001198
                0x0000000020000000                _sbss = .
                0x0000000020000000                __bss_start__ = _sbss
 *(.bss)
 .bss           0x0000000020000000       0x1c D:/Program Setup/STM32CubeIDE_1.13.1/STM32CubeIDE/plugins/com.st.stm32cube.ide.mcu.externaltools.gnu-tools-for-stm32.11.3.rel1.win32_1.1.0.202305231506/tools/bin/../lib/gcc/arm-none-eabi/11.3.1/thumb/v7-m/nofp/crtbegin.o
 *(.bss*)
 .bss.UART2_PTR
                0x000000002000001c        0x4 ./Drivers/01 MCAL/06 USART/USART_program.o
                0x000000002000001c                UART2_PTR
 .bss.GPS_Buffer
                0x0000000020000020       0x50 ./Drivers/02 ECU/GPS/GPS_Program.o
 .bss.GPS_Complete_FRAME
                0x0000000020000070        0x1 ./Drivers/02 ECU/GPS/GPS_Program.o
                0x0000000020000070                GPS_Complete_FRAME
 .bss.count.1   0x0000000020000071        0x1 ./Drivers/02 ECU/GPS/GPS_Program.o
 .bss.GPS_TRUE_FRAME.0
                0x0000000020000072        0x1 ./Drivers/02 ECU/GPS/GPS_Program.o
 *(COMMON)
                0x0000000020000074                . = ALIGN (0x4)
 *fill*         0x0000000020000073        0x1 
                0x0000000020000074                _ebss = .
                0x0000000020000074                __bss_end__ = _ebss

._user_heap_stack
                0x0000000020000074      0x604 load address 0x0000000008001198
                0x0000000020000078                . = ALIGN (0x8)
 *fill*         0x0000000020000074        0x4 
                [!provide]                        PROVIDE (end = .)
                0x0000000020000078                PROVIDE (_end = .)
                0x0000000020000278                . = (. + _Min_Heap_Size)
 *fill*         0x0000000020000078      0x200 
                0x0000000020000678                . = (. + _Min_Stack_Size)
 *fill*         0x0000000020000278      0x400 
                0x0000000020000678                . = ALIGN (0x8)

/DISCARD/
 libc.a(*)
 libm.a(*)
 libgcc.a(*)

.ARM.attributes
                0x0000000000000000       0x29
 *(.ARM.attributes)
 .ARM.attributes
                0x0000000000000000       0x1d D:/Program Setup/STM32CubeIDE_1.13.1/STM32CubeIDE/plugins/com.st.stm32cube.ide.mcu.externaltools.gnu-tools-for-stm32.11.3.rel1.win32_1.1.0.202305231506/tools/bin/../lib/gcc/arm-none-eabi/11.3.1/thumb/v7-m/nofp/crti.o
 .ARM.attributes
                0x000000000000001d       0x2d D:/Program Setup/STM32CubeIDE_1.13.1/STM32CubeIDE/plugins/com.st.stm32cube.ide.mcu.externaltools.gnu-tools-for-stm32.11.3.rel1.win32_1.1.0.202305231506/tools/bin/../lib/gcc/arm-none-eabi/11.3.1/thumb/v7-m/nofp/crtbegin.o
 .ARM.attributes
                0x000000000000004a       0x2d ./Drivers/00 LIB/Common_function.o
 .ARM.attributes
                0x0000000000000077       0x2d ./Drivers/01 MCAL/00 RCC/RCC_program.o
 .ARM.attributes
                0x00000000000000a4       0x2d ./Drivers/01 MCAL/01 GPIO/DIO_program.o
 .ARM.attributes
                0x00000000000000d1       0x2d ./Drivers/01 MCAL/02 NVIC/NVIC_program.o
 .ARM.attributes
                0x00000000000000fe       0x2d ./Drivers/01 MCAL/06 USART/USART_program.o
 .ARM.attributes
                0x000000000000012b       0x2d ./Drivers/02 ECU/Buttom/Buttom_program.o
 .ARM.attributes
                0x0000000000000158       0x2d ./Drivers/02 ECU/GPS/GPS_Program.o
 .ARM.attributes
                0x0000000000000185       0x2d ./Drivers/02 ECU/GSM/GSM_Program.o
 .ARM.attributes
                0x00000000000001b2       0x2d ./Drivers/02 ECU/IR/IR_program.o
 .ARM.attributes
                0x00000000000001df       0x2d ./Src/main.o
 .ARM.attributes
                0x000000000000020c       0x21 ./Startup/startup_stm32f103c8tx.o
 .ARM.attributes
                0x000000000000022d       0x2d D:/Program Setup/STM32CubeIDE_1.13.1/STM32CubeIDE/plugins/com.st.stm32cube.ide.mcu.externaltools.gnu-tools-for-stm32.11.3.rel1.win32_1.1.0.202305231506/tools/bin/../lib/gcc/arm-none-eabi/11.3.1/../../../../arm-none-eabi/lib/thumb/v7-m/nofp\libc_nano.a(libc_a-init.o)
 .ARM.attributes
                0x000000000000025a       0x1d D:/Program Setup/STM32CubeIDE_1.13.1/STM32CubeIDE/plugins/com.st.stm32cube.ide.mcu.externaltools.gnu-tools-for-stm32.11.3.rel1.win32_1.1.0.202305231506/tools/bin/../lib/gcc/arm-none-eabi/11.3.1/thumb/v7-m/nofp/crtn.o
OUTPUT(VTS.elf elf32-littlearm)
LOAD linker stubs
LOAD D:/Program Setup/STM32CubeIDE_1.13.1/STM32CubeIDE/plugins/com.st.stm32cube.ide.mcu.externaltools.gnu-tools-for-stm32.11.3.rel1.win32_1.1.0.202305231506/tools/bin/../lib/gcc/arm-none-eabi/11.3.1/../../../../arm-none-eabi/lib/thumb/v7-m/nofp\libc.a
LOAD D:/Program Setup/STM32CubeIDE_1.13.1/STM32CubeIDE/plugins/com.st.stm32cube.ide.mcu.externaltools.gnu-tools-for-stm32.11.3.rel1.win32_1.1.0.202305231506/tools/bin/../lib/gcc/arm-none-eabi/11.3.1/../../../../arm-none-eabi/lib/thumb/v7-m/nofp\libm.a
LOAD D:/Program Setup/STM32CubeIDE_1.13.1/STM32CubeIDE/plugins/com.st.stm32cube.ide.mcu.externaltools.gnu-tools-for-stm32.11.3.rel1.win32_1.1.0.202305231506/tools/bin/../lib/gcc/arm-none-eabi/11.3.1/thumb/v7-m/nofp\libgcc.a

.comment        0x0000000000000000       0x43
 .comment       0x0000000000000000       0x43 D:/Program Setup/STM32CubeIDE_1.13.1/STM32CubeIDE/plugins/com.st.stm32cube.ide.mcu.externaltools.gnu-tools-for-stm32.11.3.rel1.win32_1.1.0.202305231506/tools/bin/../lib/gcc/arm-none-eabi/11.3.1/thumb/v7-m/nofp/crtbegin.o
                                         0x44 (size before relaxing)
 .comment       0x0000000000000043       0x44 ./Drivers/00 LIB/Common_function.o
 .comment       0x0000000000000043       0x44 ./Drivers/01 MCAL/00 RCC/RCC_program.o
 .comment       0x0000000000000043       0x44 ./Drivers/01 MCAL/01 GPIO/DIO_program.o
 .comment       0x0000000000000043       0x44 ./Drivers/01 MCAL/02 NVIC/NVIC_program.o
 .comment       0x0000000000000043       0x44 ./Drivers/01 MCAL/06 USART/USART_program.o
 .comment       0x0000000000000043       0x44 ./Drivers/02 ECU/Buttom/Buttom_program.o
 .comment       0x0000000000000043       0x44 ./Drivers/02 ECU/GPS/GPS_Program.o
 .comment       0x0000000000000043       0x44 ./Drivers/02 ECU/GSM/GSM_Program.o
 .comment       0x0000000000000043       0x44 ./Drivers/02 ECU/IR/IR_program.o
 .comment       0x0000000000000043       0x44 ./Src/main.o

.debug_info     0x0000000000000000     0x16bb
 .debug_info    0x0000000000000000       0xac ./Drivers/00 LIB/Common_function.o
 .debug_info    0x00000000000000ac      0x3d0 ./Drivers/01 MCAL/00 RCC/RCC_program.o
 .debug_info    0x000000000000047c      0x1b6 ./Drivers/01 MCAL/01 GPIO/DIO_program.o
 .debug_info    0x0000000000000632      0x18b ./Drivers/01 MCAL/02 NVIC/NVIC_program.o
 .debug_info    0x00000000000007bd      0x32b ./Drivers/01 MCAL/06 USART/USART_program.o
 .debug_info    0x0000000000000ae8      0x140 ./Drivers/02 ECU/Buttom/Buttom_program.o
 .debug_info    0x0000000000000c28      0x2c2 ./Drivers/02 ECU/GPS/GPS_Program.o
 .debug_info    0x0000000000000eea      0x265 ./Drivers/02 ECU/GSM/GSM_Program.o
 .debug_info    0x000000000000114f      0x140 ./Drivers/02 ECU/IR/IR_program.o
 .debug_info    0x000000000000128f      0x409 ./Src/main.o
 .debug_info    0x0000000000001698       0x23 ./Startup/startup_stm32f103c8tx.o

.debug_abbrev   0x0000000000000000      0xae2
 .debug_abbrev  0x0000000000000000       0x76 ./Drivers/00 LIB/Common_function.o
 .debug_abbrev  0x0000000000000076       0xe1 ./Drivers/01 MCAL/00 RCC/RCC_program.o
 .debug_abbrev  0x0000000000000157       0xc5 ./Drivers/01 MCAL/01 GPIO/DIO_program.o
 .debug_abbrev  0x000000000000021c       0xb1 ./Drivers/01 MCAL/02 NVIC/NVIC_program.o
 .debug_abbrev  0x00000000000002cd      0x19e ./Drivers/01 MCAL/06 USART/USART_program.o
 .debug_abbrev  0x000000000000046b       0xdb ./Drivers/02 ECU/Buttom/Buttom_program.o
 .debug_abbrev  0x0000000000000546      0x1a0 ./Drivers/02 ECU/GPS/GPS_Program.o
 .debug_abbrev  0x00000000000006e6      0x16a ./Drivers/02 ECU/GSM/GSM_Program.o
 .debug_abbrev  0x0000000000000850       0xdb ./Drivers/02 ECU/IR/IR_program.o
 .debug_abbrev  0x000000000000092b      0x1a5 ./Src/main.o
 .debug_abbrev  0x0000000000000ad0       0x12 ./Startup/startup_stm32f103c8tx.o

.debug_aranges  0x0000000000000000      0x300
 .debug_aranges
                0x0000000000000000       0x20 ./Drivers/00 LIB/Common_function.o
 .debug_aranges
                0x0000000000000020       0x70 ./Drivers/01 MCAL/00 RCC/RCC_program.o
 .debug_aranges
                0x0000000000000090       0x40 ./Drivers/01 MCAL/01 GPIO/DIO_program.o
 .debug_aranges
                0x00000000000000d0       0x50 ./Drivers/01 MCAL/02 NVIC/NVIC_program.o
 .debug_aranges
                0x0000000000000120       0x98 ./Drivers/01 MCAL/06 USART/USART_program.o
 .debug_aranges
                0x00000000000001b8       0x28 ./Drivers/02 ECU/Buttom/Buttom_program.o
 .debug_aranges
                0x00000000000001e0       0x38 ./Drivers/02 ECU/GPS/GPS_Program.o
 .debug_aranges
                0x0000000000000218       0x78 ./Drivers/02 ECU/GSM/GSM_Program.o
 .debug_aranges
                0x0000000000000290       0x28 ./Drivers/02 ECU/IR/IR_program.o
 .debug_aranges
                0x00000000000002b8       0x20 ./Src/main.o
 .debug_aranges
                0x00000000000002d8       0x28 ./Startup/startup_stm32f103c8tx.o

.debug_rnglists
                0x0000000000000000      0x216
 .debug_rnglists
                0x0000000000000000       0x13 ./Drivers/00 LIB/Common_function.o
 .debug_rnglists
                0x0000000000000013       0x53 ./Drivers/01 MCAL/00 RCC/RCC_program.o
 .debug_rnglists
                0x0000000000000066       0x2f ./Drivers/01 MCAL/01 GPIO/DIO_program.o
 .debug_rnglists
                0x0000000000000095       0x37 ./Drivers/01 MCAL/02 NVIC/NVIC_program.o
 .debug_rnglists
                0x00000000000000cc       0x6d ./Drivers/01 MCAL/06 USART/USART_program.o
 .debug_rnglists
                0x0000000000000139       0x19 ./Drivers/02 ECU/Buttom/Buttom_program.o
 .debug_rnglists
                0x0000000000000152       0x28 ./Drivers/02 ECU/GPS/GPS_Program.o
 .debug_rnglists
                0x000000000000017a       0x56 ./Drivers/02 ECU/GSM/GSM_Program.o
 .debug_rnglists
                0x00000000000001d0       0x19 ./Drivers/02 ECU/IR/IR_program.o
 .debug_rnglists
                0x00000000000001e9       0x14 ./Src/main.o
 .debug_rnglists
                0x00000000000001fd       0x19 ./Startup/startup_stm32f103c8tx.o

.debug_macro    0x0000000000000000     0x123e
 .debug_macro   0x0000000000000000       0x2e ./Drivers/00 LIB/Common_function.o
 .debug_macro   0x000000000000002e      0xaa2 ./Drivers/00 LIB/Common_function.o
 .debug_macro   0x0000000000000ad0       0x22 ./Drivers/00 LIB/Common_function.o
 .debug_macro   0x0000000000000af2       0x3f ./Drivers/01 MCAL/00 RCC/RCC_program.o
 .debug_macro   0x0000000000000b31       0x1f ./Drivers/01 MCAL/00 RCC/RCC_program.o
 .debug_macro   0x0000000000000b50       0x4c ./Drivers/01 MCAL/00 RCC/RCC_program.o
 .debug_macro   0x0000000000000b9c       0x37 ./Drivers/01 MCAL/00 RCC/RCC_program.o
 .debug_macro   0x0000000000000bd3       0x3c ./Drivers/01 MCAL/01 GPIO/DIO_program.o
 .debug_macro   0x0000000000000c0f       0x9a ./Drivers/01 MCAL/01 GPIO/DIO_program.o
 .debug_macro   0x0000000000000ca9       0xdc ./Drivers/01 MCAL/01 GPIO/DIO_program.o
 .debug_macro   0x0000000000000d85       0x4c ./Drivers/01 MCAL/02 NVIC/NVIC_program.o
 .debug_macro   0x0000000000000dd1       0x70 ./Drivers/01 MCAL/02 NVIC/NVIC_program.o
 .debug_macro   0x0000000000000e41       0x10 ./Drivers/01 MCAL/02 NVIC/NVIC_program.o
 .debug_macro   0x0000000000000e51       0x40 ./Drivers/01 MCAL/06 USART/USART_program.o
 .debug_macro   0x0000000000000e91       0x46 ./Drivers/01 MCAL/06 USART/USART_program.o
 .debug_macro   0x0000000000000ed7      0x166 ./Drivers/01 MCAL/06 USART/USART_program.o
 .debug_macro   0x000000000000103d       0x46 ./Drivers/02 ECU/Buttom/Buttom_program.o
 .debug_macro   0x0000000000001083       0x41 ./Drivers/02 ECU/GPS/GPS_Program.o
 .debug_macro   0x00000000000010c4       0x16 ./Drivers/02 ECU/GPS/GPS_Program.o
 .debug_macro   0x00000000000010da       0x5c ./Drivers/02 ECU/GSM/GSM_Program.o
 .debug_macro   0x0000000000001136       0x16 ./Drivers/02 ECU/GSM/GSM_Program.o
 .debug_macro   0x000000000000114c       0x2e ./Drivers/02 ECU/GSM/GSM_Program.o
 .debug_macro   0x000000000000117a       0x46 ./Drivers/02 ECU/IR/IR_program.o
 .debug_macro   0x00000000000011c0       0x7e ./Src/main.o

.debug_line     0x0000000000000000     0x1790
 .debug_line    0x0000000000000000       0xac ./Drivers/00 LIB/Common_function.o
 .debug_line    0x00000000000000ac      0x316 ./Drivers/01 MCAL/00 RCC/RCC_program.o
 .debug_line    0x00000000000003c2      0x2fe ./Drivers/01 MCAL/01 GPIO/DIO_program.o
 .debug_line    0x00000000000006c0      0x1f8 ./Drivers/01 MCAL/02 NVIC/NVIC_program.o
 .debug_line    0x00000000000008b8      0x313 ./Drivers/01 MCAL/06 USART/USART_program.o
 .debug_line    0x0000000000000bcb      0x12b ./Drivers/02 ECU/Buttom/Buttom_program.o
 .debug_line    0x0000000000000cf6      0x363 ./Drivers/02 ECU/GPS/GPS_Program.o
 .debug_line    0x0000000000001059      0x33b ./Drivers/02 ECU/GSM/GSM_Program.o
 .debug_line    0x0000000000001394      0x11f ./Drivers/02 ECU/IR/IR_program.o
 .debug_line    0x00000000000014b3      0x262 ./Src/main.o
 .debug_line    0x0000000000001715       0x7b ./Startup/startup_stm32f103c8tx.o

.debug_str      0x0000000000000000     0x4ab7
 .debug_str     0x0000000000000000     0x2e47 ./Drivers/00 LIB/Common_function.o
                                       0x2ea6 (size before relaxing)
 .debug_str     0x0000000000002e47      0x66c ./Drivers/01 MCAL/00 RCC/RCC_program.o
                                       0x351a (size before relaxing)
 .debug_str     0x00000000000034b3      0x6e5 ./Drivers/01 MCAL/01 GPIO/DIO_program.o
                                       0x3559 (size before relaxing)
 .debug_str     0x0000000000003b98      0x406 ./Drivers/01 MCAL/02 NVIC/NVIC_program.o
                                       0x3265 (size before relaxing)
 .debug_str     0x0000000000003f9e      0x4d3 ./Drivers/01 MCAL/06 USART/USART_program.o
                                       0x3341 (size before relaxing)
 .debug_str     0x0000000000004471       0x67 ./Drivers/02 ECU/Buttom/Buttom_program.o
                                       0x3543 (size before relaxing)
 .debug_str     0x00000000000044d8      0x13f ./Drivers/02 ECU/GPS/GPS_Program.o
                                       0x2fe3 (size before relaxing)
 .debug_str     0x0000000000004617      0x1c6 ./Drivers/02 ECU/GSM/GSM_Program.o
                                       0x309b (size before relaxing)
 .debug_str     0x00000000000047dd       0x3c ./Drivers/02 ECU/IR/IR_program.o
                                       0x3533 (size before relaxing)
 .debug_str     0x0000000000004819      0x26f ./Src/main.o
                                       0x3940 (size before relaxing)
 .debug_str     0x0000000000004a88       0x2f ./Startup/startup_stm32f103c8tx.o
                                         0x4d (size before relaxing)

.debug_frame    0x0000000000000000      0x93c
 .debug_frame   0x0000000000000000       0x38 ./Drivers/00 LIB/Common_function.o
 .debug_frame   0x0000000000000038      0x180 ./Drivers/01 MCAL/00 RCC/RCC_program.o
 .debug_frame   0x00000000000001b8       0xd8 ./Drivers/01 MCAL/01 GPIO/DIO_program.o
 .debug_frame   0x0000000000000290      0x120 ./Drivers/01 MCAL/02 NVIC/NVIC_program.o
 .debug_frame   0x00000000000003b0      0x244 ./Drivers/01 MCAL/06 USART/USART_program.o
 .debug_frame   0x00000000000005f4       0x58 ./Drivers/02 ECU/Buttom/Buttom_program.o
 .debug_frame   0x000000000000064c       0xa8 ./Drivers/02 ECU/GPS/GPS_Program.o
 .debug_frame   0x00000000000006f4      0x194 ./Drivers/02 ECU/GSM/GSM_Program.o
 .debug_frame   0x0000000000000888       0x58 ./Drivers/02 ECU/IR/IR_program.o
 .debug_frame   0x00000000000008e0       0x30 ./Src/main.o
 .debug_frame   0x0000000000000910       0x2c D:/Program Setup/STM32CubeIDE_1.13.1/STM32CubeIDE/plugins/com.st.stm32cube.ide.mcu.externaltools.gnu-tools-for-stm32.11.3.rel1.win32_1.1.0.202305231506/tools/bin/../lib/gcc/arm-none-eabi/11.3.1/../../../../arm-none-eabi/lib/thumb/v7-m/nofp\libc_nano.a(libc_a-init.o)

.debug_line_str
                0x0000000000000000       0x41
 .debug_line_str
                0x0000000000000000       0x41 ./Startup/startup_stm32f103c8tx.o
                                         0x59 (size before relaxing)
