../Drivers/02 ECU/GSM/GSM_Program.c:31:6:GSM_INIT	8	static
../Drivers/02 ECU/GSM/GSM_Program.c:55:6:GSM_Post	24	static
../Drivers/02 ECU/GSM/GSM_Program.c:73:6:GSM_MakeCall	8	static
../Drivers/02 ECU/GSM/GSM_Program.c:85:6:GSM_SendSMS	16	static
../Drivers/02 ECU/GSM/GSM_Program.c:104:13:GSM_INIT_GPRS_MODE	8	static
../Drivers/02 ECU/GSM/GSM_Program.c:121:13:GSM_Init_HTTP	8	static
../Drivers/02 ECU/GSM/GSM_Program.c:139:13:GSM_AdjustData_Json	8	static
../Drivers/02 ECU/GSM/GSM_Program.c:150:13:waitforHTTPACTION	16	static
../Drivers/02 ECU/GSM/GSM_Program.c:187:13:waitforok	16	static
../Drivers/02 ECU/GSM/GSM_Program.c:204:13:waitforDOWNLOAD	16	static
../Drivers/02 ECU/GSM/GSM_Program.c:234:13:PlainToJSON	32	static
../Drivers/02 ECU/GSM/GSM_Program.c:275:13:SMS_INIT	8	static
